// Jest Snapshot v1, https://goo.gl/fbAQLP

exports[`<ProductEditContainer/> should match snapchot 1`] = `ShallowWrapper {}`;
