// Jest Snapshot v1, https://goo.gl/fbAQLP

exports[`<ProductForm/> should match snapchot 1`] = `ShallowWrapper {}`;
